WorldView 1:
{[0.2969227424756547]:{a1},[0.2969227424756547]:{a3},[0.10923177257303593]:{},[0.2969227424756547]:{a2}}