WorldView 1:
{[0.11920292202211755]:{innocent(tom),suspect(tom),warrant(tom),motivation(tom)},[0.8807970779778824]:{innocent(tom),guilty(tom),suspect(tom),warrant(tom),motivation(tom)}}