WorldView 1:
{[1.0]:{a1}}
WorldView 2:
{[0.4223187982515182]:{a3},[0.15536240349696362]:{},[0.4223187982515182]:{a2}}