WorldView 1:
{[1.0]:{q,f}}
WorldView 2:
{[1.0]:{p,f}}