WorldView 1:
{[0.030711819236122834]:{action(bake,1),-holds(holding,3),status(dry),-holds(holding,1),-holds(holding,2),step(2),status(holding),action(pick,2),goal,time(1),-holds(dry,1),time(2),time(3),step(1),holds(dry,3),next(1,2),next(2,3),holds(dry,2)},[0.030711819236122834]:{action(bake,1),status(dry),-holds(holding,1),-holds(holding,2),step(2),status(holding),action(pick,2),success,goal,-holds(dry,2),time(1),-holds(dry,1),time(2),time(3),-holds(dry,3),holds(holding,3),step(1),next(1,2),next(2,3)},[0.011298246897943221]:{action(bake,1),-holds(holding,3),status(dry),-holds(holding,1),-holds(holding,2),step(2),status(holding),action(pick,2),goal,time(1),time(2),time(3),step(1),holds(dry,1),holds(dry,3),next(1,2),next(2,3),holds(dry,2)},[0.6168633792454105]:{action(bake,1),status(dry),-holds(holding,1),-holds(holding,2),step(2),status(holding),action(pick,2),success,goal,time(1),-holds(dry,1),time(2),time(3),holds(holding,3),step(1),holds(dry,3),next(1,2),next(2,3),holds(dry,2)},[0.08348338014847165]:{action(bake,1),-holds(holding,3),status(dry),-holds(holding,1),-holds(holding,2),step(2),status(holding),action(pick,2),goal,-holds(dry,2),time(1),-holds(dry,1),time(2),time(3),-holds(dry,3),step(1),next(1,2),next(2,3)},[0.22693135523592908]:{action(bake,1),status(dry),-holds(holding,1),-holds(holding,2),step(2),status(holding),action(pick,2),success,goal,time(1),time(2),time(3),holds(holding,3),step(1),holds(dry,1),holds(dry,3),next(1,2),next(2,3),holds(dry,2)}}